// Jest Snapshot v1, https://goo.gl/fbAQLP

exports[`Footer component should match to SnapShot 1`] = `
<styled.div
  className="container-fluid"
>
  <Styled(Row)>
    <div>
      <h3>
        The Basics
      </h3>
      <ul>
        <li>
          <a
            href="#"
          >
            About TMDb
          </a>
        </li>
        <li>
          <a
            href="#"
          >
            Contact Us
          </a>
        </li>
        <li>
          <a
            href="#"
          >
            Support Forums
          </a>
        </li>
        <li>
          <a
            href="#"
          >
            API
          </a>
        </li>
        <li>
          <a
            href="#"
            rel="noopener"
          >
            Blog
          </a>
        </li>
      </ul>
    </div>
    <div>
      <h3>
        Get Involved
      </h3>
      <ul>
        <li>
          <a
            href="#"
          >
            <span
              className="glyphicons glyphicons-asterisk"
            />
             Contribution Bible
          </a>
        </li>
        <li>
          <a
            href="#"
          >
            3rd Party Applications
          </a>
        </li>
        <li>
          <a
            href="#"
          >
            Add New Movie
          </a>
        </li>
        <li>
          <a
            href="#"
          >
            Add New TV Show
          </a>
        </li>
      </ul>
    </div>
    <div>
      <h3>
        Community
      </h3>
      <ul>
        <li>
          <a
            href="#"
          >
            Guidelines
          </a>
        </li>
        <li>
          <a
            href="#"
          >
            Leaderboard
          </a>
        </li>
        <li>
          <a
            href="#"
          >
            Forums
          </a>
        </li>
        <li>
          <a
            href="#"
            rel="noopener"
          >
            Twitter
          </a>
        </li>
        <li>
          <a
            href="#"
            rel="noopener"
          >
            Facebook
          </a>
        </li>
      </ul>
    </div>
    <div>
      <h3>
        Legal
      </h3>
      <ul>
        <li>
          <a
            href="/documentation/website/terms-of-use"
          >
            Terms of Use
          </a>
        </li>
        <li>
          <a
            href="/privacy-policy"
          >
            Privacy Policy
          </a>
        </li>
      </ul>
    </div>
  </Styled(Row)>
</styled.div>
`;
