// Jest Snapshot v1, https://goo.gl/fbAQLP

exports[`LoadingFilm component should ... 1`] = `
<div>
  Waiting for films...
</div>
`;
