// Jest Snapshot v1, https://goo.gl/fbAQLP

exports[`BaseLoading component should match to SnapShot 1`] = `""`;
