// Jest Snapshot v1, https://goo.gl/fbAQLP

exports[`EmptyList component should ... 1`] = `
<Row
  tag="div"
>
  <h2>
    No watchList
  </h2>
</Row>
`;
